
output:     format de fichier elf32-avr

Sections :
Idx Nom           Taille    VMA       LMA       Fich off  Algn
  0 .data         00000000  00800200  00000034  000000a8  2**0
                  CONTENTS, ALLOC, LOAD, DATA
  1 .text         00000034  00000000  00000000  00000074  2**1
                  CONTENTS, ALLOC, LOAD, READONLY, CODE

Déassemblage de la section .text :

00000000 <__ctors_end>:
   0:	01 e2       	ldi	r16, 0x21	; 33
   2:	0e bf       	out	0x3e, r16	; 62
   4:	00 00       	nop
   6:	0f ef       	ldi	r16, 0xFF	; 255
   8:	0d bf       	out	0x3d, r16	; 61
   a:	00 00       	nop
   c:	00 24       	eor	r0, r0
   e:	07 9a       	sbi	0x00, 7	; 0
  10:	04 b8       	out	0x04, r0	; 4
  12:	05 b1       	in	r16, 0x05	; 5
  14:	00 00       	nop
  16:	00 30       	cpi	r16, 0x00	; 0
  18:	21 f0       	breq	.+8      	; 0x22 <zero>
  1a:	00 27       	eor	r16, r16
  1c:	05 b9       	out	0x05, r16	; 5
  1e:	0e 94 15 00 	call	0x2a	; 0x2a <wait>

00000022 <zero>:
  22:	0f ef       	ldi	r16, 0xFF	; 255
  24:	05 b9       	out	0x05, r16	; 5
  26:	0e 94 15 00 	call	0x2a	; 0x2a <wait>

0000002a <wait>:
  2a:	01 e0       	ldi	r16, 0x01	; 1
  2c:	03 bf       	out	0x33, r16	; 51
  2e:	88 95       	sleep

00000030 <waitloop>:
  30:	f8 f3       	brcs	.-2      	; 0x30 <waitloop>
  32:	08 95       	ret
